// Jest Snapshot v1, https://goo.gl/fbAQLP

exports[`AccountBalance Snapshot matches snapshot 1`] = `
ShallowWrapper {
  Symbol(enzyme.__root__): [Circular],
  Symbol(enzyme.__unrendered__): <Button
    amount={1000}
    title="Account balance"
/>,
  Symbol(enzyme.__renderer__): Object {
    "batchedUpdates": [Function],
    "getNode": [Function],
    "render": [Function],
    "simulateEvent": [Function],
    "unmount": [Function],
  },
  Symbol(enzyme.__node__): Object {
    "instance": null,
    "key": undefined,
    "nodeType": "class",
    "props": Object {
      "bg": "blue",
      "border": 0,
      "borderRadius": 2,
      "children": "Account balance",
      "color": "white",
      "fontSize": 1,
      "fontWeight": "bold",
      "is": "button",
      "lineHeight": 1.1428571428571428,
      "m": 0,
      "px": 3,
      "py": 2,
    },
    "ref": null,
    "rendered": "Account balance",
    "type": [Function],
  },
  Symbol(enzyme.__nodes__): Array [
    Object {
      "instance": null,
      "key": undefined,
      "nodeType": "class",
      "props": Object {
        "bg": "blue",
        "border": 0,
        "borderRadius": 2,
        "children": "Account balance",
        "color": "white",
        "fontSize": 1,
        "fontWeight": "bold",
        "is": "button",
        "lineHeight": 1.1428571428571428,
        "m": 0,
        "px": 3,
        "py": 2,
      },
      "ref": null,
      "rendered": "Account balance",
      "type": [Function],
    },
  ],
  Symbol(enzyme.__options__): Object {
    "adapter": ReactSixteenAdapter {
      "options": Object {
        "enableComponentDidUpdateOnSetState": true,
        "lifecycles": Object {
          "componentDidUpdate": Object {
            "onSetState": true,
          },
          "getDerivedStateFromProps": true,
          "getSnapshotBeforeUpdate": true,
          "setState": Object {
            "skipsComponentDidUpdateOnNullish": true,
          },
        },
      },
    },
    "attachTo": undefined,
    "hydrateIn": undefined,
  },
}
`;
